tests/unit.c:541:test_parse_id:PASS
tests/unit.c:542:test_uuid_valid:PASS
tests/unit.c:543:test_date_start:PASS
tests/unit.c:544:test_date_text_roundtrip:PASS
tests/unit.c:545:test_hash_and_random:PASS
tests/unit.c:546:test_result_envelope:PASS
tests/unit.c:547:test_seed_shape_and_invariants:PASS
tests/unit.c:548:test_over_capacity_detected:PASS
tests/unit.c:549:test_wait_guards:PASS
tests/unit.c:550:test_reserve_conflict_and_alternatives:PASS
tests/unit.c:551:test_wait_queue_idempotent_reentry:PASS
tests/unit.c:552:test_stats_totals_match_sql:PASS
tests/unit.c:553:test_hex_and_page_args:PASS
tests/unit.c:554:test_checkin_business:PASS
tests/unit.c:555:test_notify_sessions_and_password:PASS
tests/unit.c:556:test_db_check_rejects_coexistence:PASS
tests/unit.c:557:test_bucket_allow:PASS
tests/unit.c:558:test_login_guard:PASS
tests/unit.c:559:test_capacity_fill_and_promotion:PASS
tests/unit.c:560:test_boundary_extremes:PASS
tests/unit.c:561:test_v2_to_v3_migration:PASS
tests/unit.c:562:test_stmt_cache_and_eviction:PASS
tests/unit.c:563:test_thread_connection_reuse:PASS
tests/unit.c:564:test_statement_watchdog:PASS
tests/unit.c:565:test_outbox_channel_dispatch:PASS

-----------------------
25 Tests 0 Failures 0 Ignored 
OK
All builds completed; unit tests passed.
